\BOOKMARK [0][-]{chapter.1}{\376\377\0001\000\040\000A\000b\000o\000u\000t\000\040\000t\000h\000i\000s\000\040\000l\000i\000b\000r\000a\000r\000y}{}% 1
\BOOKMARK [1][-]{section.1.1}{\376\377\0001\000.\0001\000\040\000D\000e\000p\000e\000n\000d\000e\000n\000c\000i\000e\000s}{chapter.1}% 2
\BOOKMARK [2][-]{subsection.1.1.1}{\376\377\0001\000.\0001\000.\0001\000\040\000E\000I\000G\000E\000N}{section.1.1}% 3
\BOOKMARK [2][-]{subsection.1.1.2}{\376\377\0001\000.\0001\000.\0002\000\040\000D\000o\000x\000y\000g\000e\000n\000\040\000\050\000o\000p\000t\000i\000o\000n\000a\000l\000\051}{section.1.1}% 4
\BOOKMARK [1][-]{section.1.2}{\376\377\0001\000.\0002\000\040\000D\000e\000m\000o\000s}{chapter.1}% 5
\BOOKMARK [0][-]{chapter.2}{\376\377\0002\000\040\000N\000a\000m\000e\000s\000p\000a\000c\000e\000\040\000I\000n\000d\000e\000x}{}% 6
\BOOKMARK [1][-]{section.2.1}{\376\377\0002\000.\0001\000\040\000N\000a\000m\000e\000s\000p\000a\000c\000e\000\040\000L\000i\000s\000t}{chapter.2}% 7
\BOOKMARK [0][-]{chapter.3}{\376\377\0003\000\040\000H\000i\000e\000r\000a\000r\000c\000h\000i\000c\000a\000l\000\040\000I\000n\000d\000e\000x}{}% 8
\BOOKMARK [1][-]{section.3.1}{\376\377\0003\000.\0001\000\040\000C\000l\000a\000s\000s\000\040\000H\000i\000e\000r\000a\000r\000c\000h\000y}{chapter.3}% 9
\BOOKMARK [0][-]{chapter.4}{\376\377\0004\000\040\000C\000l\000a\000s\000s\000\040\000I\000n\000d\000e\000x}{}% 10
\BOOKMARK [1][-]{section.4.1}{\376\377\0004\000.\0001\000\040\000C\000l\000a\000s\000s\000\040\000L\000i\000s\000t}{chapter.4}% 11
\BOOKMARK [0][-]{chapter.5}{\376\377\0005\000\040\000F\000i\000l\000e\000\040\000I\000n\000d\000e\000x}{}% 12
\BOOKMARK [1][-]{section.5.1}{\376\377\0005\000.\0001\000\040\000F\000i\000l\000e\000\040\000L\000i\000s\000t}{chapter.5}% 13
\BOOKMARK [0][-]{chapter.6}{\376\377\0006\000\040\000N\000a\000m\000e\000s\000p\000a\000c\000e\000\040\000D\000o\000c\000u\000m\000e\000n\000t\000a\000t\000i\000o\000n}{}% 14
\BOOKMARK [1][-]{section.6.1}{\376\377\0006\000.\0001\000\040\000B\000a\000y\000e\000s\000i\000a\000n\000F\000i\000l\000t\000e\000r\000i\000n\000g\000\040\000N\000a\000m\000e\000s\000p\000a\000c\000e\000\040\000R\000e\000f\000e\000r\000e\000n\000c\000e}{chapter.6}% 15
\BOOKMARK [2][-]{subsection.6.1.1}{\376\377\0006\000.\0001\000.\0001\000\040\000T\000y\000p\000e\000d\000e\000f\000\040\000D\000o\000c\000u\000m\000e\000n\000t\000a\000t\000i\000o\000n}{section.6.1}% 16
\BOOKMARK [3][-]{subsubsection.6.1.1.1}{\376\377\0006\000.\0001\000.\0001\000.\0001\000\040\000R\000e\000s\000u\000l\000t}{subsection.6.1.1}% 17
\BOOKMARK [2][-]{subsection.6.1.2}{\376\377\0006\000.\0001\000.\0002\000\040\000F\000u\000n\000c\000t\000i\000o\000n\000\040\000D\000o\000c\000u\000m\000e\000n\000t\000a\000t\000i\000o\000n}{section.6.1}% 18
\BOOKMARK [3][-]{subsubsection.6.1.2.1}{\376\377\0006\000.\0001\000.\0002\000.\0001\000\040\000M\000u\000l\000t\000i\000v\000a\000r\000i\000a\000t\000e\000G\000a\000u\000s\000s\000i\000a\000n\000S\000a\000m\000p\000l\000e\000r\000\050\000\051}{subsection.6.1.2}% 19
\BOOKMARK [3][-]{subsubsection.6.1.2.2}{\376\377\0006\000.\0001\000.\0002\000.\0002\000\040\000M\000u\000l\000t\000i\000v\000a\000r\000i\000a\000t\000e\000Z\000e\000r\000o\000M\000e\000a\000n\000G\000a\000u\000s\000s\000i\000a\000n\000S\000a\000m\000p\000l\000e\000r\000\050\000\051}{subsection.6.1.2}% 20
\BOOKMARK [3][-]{subsubsection.6.1.2.3}{\376\377\0006\000.\0001\000.\0002\000.\0003\000\040\000R\000e\000s\000u\000l\000t\000F\000o\000r\000m\000a\000t\000\050\000\051\000\040\000[\0001\000/\0002\000]}{subsection.6.1.2}% 21
\BOOKMARK [3][-]{subsubsection.6.1.2.4}{\376\377\0006\000.\0001\000.\0002\000.\0004\000\040\000R\000e\000s\000u\000l\000t\000F\000o\000r\000m\000a\000t\000\050\000\051\000\040\000[\0002\000/\0002\000]}{subsection.6.1.2}% 22
\BOOKMARK [3][-]{subsubsection.6.1.2.5}{\376\377\0006\000.\0001\000.\0002\000.\0005\000\040\000U\000n\000i\000v\000a\000r\000i\000a\000t\000e\000G\000a\000u\000s\000s\000i\000a\000n\000S\000a\000m\000p\000l\000e\000r\000\050\000\051}{subsection.6.1.2}% 23
\BOOKMARK [3][-]{subsubsection.6.1.2.6}{\376\377\0006\000.\0001\000.\0002\000.\0006\000\040\000U\000n\000i\000v\000a\000r\000i\000a\000t\000e\000U\000n\000i\000f\000o\000r\000m\000S\000a\000m\000p\000l\000e\000r\000\050\000\051}{subsection.6.1.2}% 24
\BOOKMARK [0][-]{chapter.7}{\376\377\0007\000\040\000C\000l\000a\000s\000s\000\040\000D\000o\000c\000u\000m\000e\000n\000t\000a\000t\000i\000o\000n}{}% 25
\BOOKMARK [1][-]{section.7.1}{\376\377\0007\000.\0001\000\040\000B\000a\000y\000e\000s\000i\000a\000n\000F\000i\000l\000t\000e\000r\000i\000n\000g\000:\000:\000A\000d\000a\000p\000t\000i\000v\000e\000K\000a\000l\000m\000a\000n\000F\000i\000l\000t\000e\000r\000\040\000C\000l\000a\000s\000s\000\040\000R\000e\000f\000e\000r\000e\000n\000c\000e}{chapter.7}% 26
\BOOKMARK [2][-]{subsection.7.1.1}{\376\377\0007\000.\0001\000.\0001\000\040\000D\000e\000t\000a\000i\000l\000e\000d\000\040\000D\000e\000s\000c\000r\000i\000p\000t\000i\000o\000n}{section.7.1}% 27
\BOOKMARK [2][-]{subsection.7.1.2}{\376\377\0007\000.\0001\000.\0002\000\040\000C\000o\000n\000s\000t\000r\000u\000c\000t\000o\000r\000\040\000\046\000\040\000D\000e\000s\000t\000r\000u\000c\000t\000o\000r\000\040\000D\000o\000c\000u\000m\000e\000n\000t\000a\000t\000i\000o\000n}{section.7.1}% 28
\BOOKMARK [3][-]{subsubsection.7.1.2.1}{\376\377\0007\000.\0001\000.\0002\000.\0001\000\040\000~\000A\000d\000a\000p\000t\000i\000v\000e\000K\000a\000l\000m\000a\000n\000F\000i\000l\000t\000e\000r\000\050\000\051}{subsection.7.1.2}% 29
\BOOKMARK [2][-]{subsection.7.1.3}{\376\377\0007\000.\0001\000.\0003\000\040\000M\000e\000m\000b\000e\000r\000\040\000F\000u\000n\000c\000t\000i\000o\000n\000\040\000D\000o\000c\000u\000m\000e\000n\000t\000a\000t\000i\000o\000n}{section.7.1}% 30
\BOOKMARK [3][-]{subsubsection.7.1.3.1}{\376\377\0007\000.\0001\000.\0003\000.\0001\000\040\000C\000o\000r\000r\000e\000c\000t\000i\000o\000n\000\050\000\051}{subsection.7.1.3}% 31
\BOOKMARK [3][-]{subsubsection.7.1.3.2}{\376\377\0007\000.\0001\000.\0003\000.\0002\000\040\000P\000r\000e\000d\000i\000c\000t\000i\000o\000n\000\050\000\051}{subsection.7.1.3}% 32
\BOOKMARK [3][-]{subsubsection.7.1.3.3}{\376\377\0007\000.\0001\000.\0003\000.\0003\000\040\000R\000e\000s\000e\000t\000\050\000\051\000\040\000[\0001\000/\0002\000]}{subsection.7.1.3}% 33
\BOOKMARK [3][-]{subsubsection.7.1.3.4}{\376\377\0007\000.\0001\000.\0003\000.\0004\000\040\000R\000e\000s\000e\000t\000\050\000\051\000\040\000[\0002\000/\0002\000]}{subsection.7.1.3}% 34
\BOOKMARK [2][-]{subsection.7.1.4}{\376\377\0007\000.\0001\000.\0004\000\040\000M\000e\000m\000b\000e\000r\000\040\000D\000a\000t\000a\000\040\000D\000o\000c\000u\000m\000e\000n\000t\000a\000t\000i\000o\000n}{section.7.1}% 35
\BOOKMARK [3][-]{subsubsection.7.1.4.1}{\376\377\0007\000.\0001\000.\0004\000.\0001\000\040\000a\000l\000p\000h\000a}{subsection.7.1.4}% 36
\BOOKMARK [3][-]{subsubsection.7.1.4.2}{\376\377\0007\000.\0001\000.\0004\000.\0002\000\040\000b\000e\000t\000a}{subsection.7.1.4}% 37
\BOOKMARK [1][-]{section.7.2}{\376\377\0007\000.\0002\000\040\000B\000a\000y\000e\000s\000i\000a\000n\000F\000i\000l\000t\000e\000r\000i\000n\000g\000:\000:\000B\000a\000y\000e\000s\000i\000a\000n\000F\000i\000l\000t\000e\000r\000\040\000C\000l\000a\000s\000s\000\040\000R\000e\000f\000e\000r\000e\000n\000c\000e}{chapter.7}% 38
\BOOKMARK [2][-]{subsection.7.2.1}{\376\377\0007\000.\0002\000.\0001\000\040\000D\000e\000t\000a\000i\000l\000e\000d\000\040\000D\000e\000s\000c\000r\000i\000p\000t\000i\000o\000n}{section.7.2}% 39
\BOOKMARK [2][-]{subsection.7.2.2}{\376\377\0007\000.\0002\000.\0002\000\040\000C\000o\000n\000s\000t\000r\000u\000c\000t\000o\000r\000\040\000\046\000\040\000D\000e\000s\000t\000r\000u\000c\000t\000o\000r\000\040\000D\000o\000c\000u\000m\000e\000n\000t\000a\000t\000i\000o\000n}{section.7.2}% 40
\BOOKMARK [3][-]{subsubsection.7.2.2.1}{\376\377\0007\000.\0002\000.\0002\000.\0001\000\040\000B\000a\000y\000e\000s\000i\000a\000n\000F\000i\000l\000t\000e\000r\000\050\000\051}{subsection.7.2.2}% 41
\BOOKMARK [3][-]{subsubsection.7.2.2.2}{\376\377\0007\000.\0002\000.\0002\000.\0002\000\040\000~\000B\000a\000y\000e\000s\000i\000a\000n\000F\000i\000l\000t\000e\000r\000\050\000\051}{subsection.7.2.2}% 42
\BOOKMARK [2][-]{subsection.7.2.3}{\376\377\0007\000.\0002\000.\0003\000\040\000M\000e\000m\000b\000e\000r\000\040\000F\000u\000n\000c\000t\000i\000o\000n\000\040\000D\000o\000c\000u\000m\000e\000n\000t\000a\000t\000i\000o\000n}{section.7.2}% 43
\BOOKMARK [3][-]{subsubsection.7.2.3.1}{\376\377\0007\000.\0002\000.\0003\000.\0001\000\040\000R\000e\000s\000e\000t\000\050\000\051}{subsection.7.2.3}% 44
\BOOKMARK [2][-]{subsection.7.2.4}{\376\377\0007\000.\0002\000.\0004\000\040\000M\000e\000m\000b\000e\000r\000\040\000D\000a\000t\000a\000\040\000D\000o\000c\000u\000m\000e\000n\000t\000a\000t\000i\000o\000n}{section.7.2}% 45
\BOOKMARK [3][-]{subsubsection.7.2.4.1}{\376\377\0007\000.\0002\000.\0004\000.\0001\000\040\000d\0002\000\137\000c\000o\000r\000r\000e\000c\000t\000e\000d}{subsection.7.2.4}% 46
\BOOKMARK [3][-]{subsubsection.7.2.4.2}{\376\377\0007\000.\0002\000.\0004\000.\0002\000\040\000d\0002\000\137\000p\000r\000e\000d\000i\000c\000t\000e\000d}{subsection.7.2.4}% 47
\BOOKMARK [3][-]{subsubsection.7.2.4.3}{\376\377\0007\000.\0002\000.\0004\000.\0003\000\040\000P}{subsection.7.2.4}% 48
\BOOKMARK [3][-]{subsubsection.7.2.4.4}{\376\377\0007\000.\0002\000.\0004\000.\0004\000\040\000S\000\137\000c\000o\000r\000r\000e\000c\000t\000e\000d}{subsection.7.2.4}% 49
\BOOKMARK [3][-]{subsubsection.7.2.4.5}{\376\377\0007\000.\0002\000.\0004\000.\0005\000\040\000S\000\137\000p\000r\000e\000d\000i\000c\000t\000e\000d}{subsection.7.2.4}% 50
\BOOKMARK [3][-]{subsubsection.7.2.4.6}{\376\377\0007\000.\0002\000.\0004\000.\0006\000\040\000V\000\137\000c\000o\000r\000r\000e\000c\000t\000e\000d}{subsection.7.2.4}% 51
\BOOKMARK [3][-]{subsubsection.7.2.4.7}{\376\377\0007\000.\0002\000.\0004\000.\0007\000\040\000V\000\137\000p\000r\000e\000d\000i\000c\000t\000e\000d}{subsection.7.2.4}% 52
\BOOKMARK [3][-]{subsubsection.7.2.4.8}{\376\377\0007\000.\0002\000.\0004\000.\0008\000\040\000X}{subsection.7.2.4}% 53
\BOOKMARK [3][-]{subsubsection.7.2.4.9}{\376\377\0007\000.\0002\000.\0004\000.\0009\000\040\000Y\000\137\000c\000o\000r\000r\000e\000c\000t\000e\000d}{subsection.7.2.4}% 54
\BOOKMARK [3][-]{subsubsection.7.2.4.10}{\376\377\0007\000.\0002\000.\0004\000.\0001\0000\000\040\000Y\000\137\000p\000r\000e\000d\000i\000c\000t\000e\000d}{subsection.7.2.4}% 55
\BOOKMARK [1][-]{section.7.3}{\376\377\0007\000.\0003\000\040\000B\000a\000y\000e\000s\000i\000a\000n\000F\000i\000l\000t\000e\000r\000i\000n\000g\000:\000:\000E\000x\000t\000e\000n\000d\000e\000d\000K\000a\000l\000m\000a\000n\000F\000i\000l\000t\000e\000r\000\040\000C\000l\000a\000s\000s\000\040\000R\000e\000f\000e\000r\000e\000n\000c\000e}{chapter.7}% 56
\BOOKMARK [2][-]{subsection.7.3.1}{\376\377\0007\000.\0003\000.\0001\000\040\000D\000e\000t\000a\000i\000l\000e\000d\000\040\000D\000e\000s\000c\000r\000i\000p\000t\000i\000o\000n}{section.7.3}% 57
\BOOKMARK [2][-]{subsection.7.3.2}{\376\377\0007\000.\0003\000.\0002\000\040\000C\000o\000n\000s\000t\000r\000u\000c\000t\000o\000r\000\040\000\046\000\040\000D\000e\000s\000t\000r\000u\000c\000t\000o\000r\000\040\000D\000o\000c\000u\000m\000e\000n\000t\000a\000t\000i\000o\000n}{section.7.3}% 58
\BOOKMARK [3][-]{subsubsection.7.3.2.1}{\376\377\0007\000.\0003\000.\0002\000.\0001\000\040\000~\000E\000x\000t\000e\000n\000d\000e\000d\000K\000a\000l\000m\000a\000n\000F\000i\000l\000t\000e\000r\000\050\000\051}{subsection.7.3.2}% 59
\BOOKMARK [2][-]{subsection.7.3.3}{\376\377\0007\000.\0003\000.\0003\000\040\000M\000e\000m\000b\000e\000r\000\040\000F\000u\000n\000c\000t\000i\000o\000n\000\040\000D\000o\000c\000u\000m\000e\000n\000t\000a\000t\000i\000o\000n}{section.7.3}% 60
\BOOKMARK [3][-]{subsubsection.7.3.3.1}{\376\377\0007\000.\0003\000.\0003\000.\0001\000\040\000C\000o\000r\000r\000e\000c\000t\000i\000o\000n\000\050\000\051}{subsection.7.3.3}% 61
\BOOKMARK [3][-]{subsubsection.7.3.3.2}{\376\377\0007\000.\0003\000.\0003\000.\0002\000\040\000P\000r\000e\000d\000i\000c\000t\000i\000o\000n\000\050\000\051}{subsection.7.3.3}% 62
\BOOKMARK [3][-]{subsubsection.7.3.3.3}{\376\377\0007\000.\0003\000.\0003\000.\0003\000\040\000R\000e\000s\000e\000t\000\050\000\051}{subsection.7.3.3}% 63
\BOOKMARK [1][-]{section.7.4}{\376\377\0007\000.\0004\000\040\000B\000a\000y\000e\000s\000i\000a\000n\000F\000i\000l\000t\000e\000r\000i\000n\000g\000:\000:\000K\000a\000l\000m\000a\000n\000F\000i\000l\000t\000e\000r\000\040\000C\000l\000a\000s\000s\000\040\000R\000e\000f\000e\000r\000e\000n\000c\000e}{chapter.7}% 64
\BOOKMARK [2][-]{subsection.7.4.1}{\376\377\0007\000.\0004\000.\0001\000\040\000D\000e\000t\000a\000i\000l\000e\000d\000\040\000D\000e\000s\000c\000r\000i\000p\000t\000i\000o\000n}{section.7.4}% 65
\BOOKMARK [2][-]{subsection.7.4.2}{\376\377\0007\000.\0004\000.\0002\000\040\000C\000o\000n\000s\000t\000r\000u\000c\000t\000o\000r\000\040\000\046\000\040\000D\000e\000s\000t\000r\000u\000c\000t\000o\000r\000\040\000D\000o\000c\000u\000m\000e\000n\000t\000a\000t\000i\000o\000n}{section.7.4}% 66
\BOOKMARK [3][-]{subsubsection.7.4.2.1}{\376\377\0007\000.\0004\000.\0002\000.\0001\000\040\000~\000K\000a\000l\000m\000a\000n\000F\000i\000l\000t\000e\000r\000\050\000\051}{subsection.7.4.2}% 67
\BOOKMARK [2][-]{subsection.7.4.3}{\376\377\0007\000.\0004\000.\0003\000\040\000M\000e\000m\000b\000e\000r\000\040\000F\000u\000n\000c\000t\000i\000o\000n\000\040\000D\000o\000c\000u\000m\000e\000n\000t\000a\000t\000i\000o\000n}{section.7.4}% 68
\BOOKMARK [3][-]{subsubsection.7.4.3.1}{\376\377\0007\000.\0004\000.\0003\000.\0001\000\040\000C\000o\000r\000r\000e\000c\000t\000i\000o\000n\000\050\000\051}{subsection.7.4.3}% 69
\BOOKMARK [3][-]{subsubsection.7.4.3.2}{\376\377\0007\000.\0004\000.\0003\000.\0002\000\040\000P\000r\000e\000d\000i\000c\000t\000i\000o\000n\000\050\000\051}{subsection.7.4.3}% 70
\BOOKMARK [3][-]{subsubsection.7.4.3.3}{\376\377\0007\000.\0004\000.\0003\000.\0003\000\040\000R\000e\000s\000e\000t\000\050\000\051}{subsection.7.4.3}% 71
\BOOKMARK [1][-]{section.7.5}{\376\377\0007\000.\0005\000\040\000B\000a\000y\000e\000s\000i\000a\000n\000F\000i\000l\000t\000e\000r\000i\000n\000g\000:\000:\000L\000i\000n\000e\000a\000r\000B\000a\000y\000e\000s\000i\000a\000n\000F\000i\000l\000t\000e\000r\000\040\000C\000l\000a\000s\000s\000\040\000R\000e\000f\000e\000r\000e\000n\000c\000e}{chapter.7}% 72
\BOOKMARK [2][-]{subsection.7.5.1}{\376\377\0007\000.\0005\000.\0001\000\040\000D\000e\000t\000a\000i\000l\000e\000d\000\040\000D\000e\000s\000c\000r\000i\000p\000t\000i\000o\000n}{section.7.5}% 73
\BOOKMARK [2][-]{subsection.7.5.2}{\376\377\0007\000.\0005\000.\0002\000\040\000C\000o\000n\000s\000t\000r\000u\000c\000t\000o\000r\000\040\000\046\000\040\000D\000e\000s\000t\000r\000u\000c\000t\000o\000r\000\040\000D\000o\000c\000u\000m\000e\000n\000t\000a\000t\000i\000o\000n}{section.7.5}% 74
\BOOKMARK [3][-]{subsubsection.7.5.2.1}{\376\377\0007\000.\0005\000.\0002\000.\0001\000\040\000~\000L\000i\000n\000e\000a\000r\000B\000a\000y\000e\000s\000i\000a\000n\000F\000i\000l\000t\000e\000r\000\050\000\051}{subsection.7.5.2}% 75
\BOOKMARK [2][-]{subsection.7.5.3}{\376\377\0007\000.\0005\000.\0003\000\040\000M\000e\000m\000b\000e\000r\000\040\000F\000u\000n\000c\000t\000i\000o\000n\000\040\000D\000o\000c\000u\000m\000e\000n\000t\000a\000t\000i\000o\000n}{section.7.5}% 76
\BOOKMARK [3][-]{subsubsection.7.5.3.1}{\376\377\0007\000.\0005\000.\0003\000.\0001\000\040\000C\000h\000e\000c\000k\000M\000o\000d\000e\000l\000\050\000\051}{subsection.7.5.3}% 77
\BOOKMARK [3][-]{subsubsection.7.5.3.2}{\376\377\0007\000.\0005\000.\0003\000.\0002\000\040\000C\000o\000r\000r\000e\000c\000t\000i\000o\000n\000\050\000\051}{subsection.7.5.3}% 78
\BOOKMARK [3][-]{subsubsection.7.5.3.3}{\376\377\0007\000.\0005\000.\0003\000.\0003\000\040\000P\000r\000e\000d\000i\000c\000t\000i\000o\000n\000\050\000\051}{subsection.7.5.3}% 79
\BOOKMARK [3][-]{subsubsection.7.5.3.4}{\376\377\0007\000.\0005\000.\0003\000.\0004\000\040\000R\000e\000s\000e\000t\000\050\000\051}{subsection.7.5.3}% 80
\BOOKMARK [1][-]{section.7.6}{\376\377\0007\000.\0006\000\040\000B\000a\000y\000e\000s\000i\000a\000n\000F\000i\000l\000t\000e\000r\000i\000n\000g\000:\000:\000N\000o\000n\000l\000i\000n\000e\000a\000r\000B\000a\000y\000e\000s\000i\000a\000n\000F\000i\000l\000t\000e\000r\000\040\000C\000l\000a\000s\000s\000\040\000R\000e\000f\000e\000r\000e\000n\000c\000e}{chapter.7}% 81
\BOOKMARK [2][-]{subsection.7.6.1}{\376\377\0007\000.\0006\000.\0001\000\040\000D\000e\000t\000a\000i\000l\000e\000d\000\040\000D\000e\000s\000c\000r\000i\000p\000t\000i\000o\000n}{section.7.6}% 82
\BOOKMARK [2][-]{subsection.7.6.2}{\376\377\0007\000.\0006\000.\0002\000\040\000C\000o\000n\000s\000t\000r\000u\000c\000t\000o\000r\000\040\000\046\000\040\000D\000e\000s\000t\000r\000u\000c\000t\000o\000r\000\040\000D\000o\000c\000u\000m\000e\000n\000t\000a\000t\000i\000o\000n}{section.7.6}% 83
\BOOKMARK [3][-]{subsubsection.7.6.2.1}{\376\377\0007\000.\0006\000.\0002\000.\0001\000\040\000~\000N\000o\000n\000l\000i\000n\000e\000a\000r\000B\000a\000y\000e\000s\000i\000a\000n\000F\000i\000l\000t\000e\000r\000\050\000\051}{subsection.7.6.2}% 84
\BOOKMARK [2][-]{subsection.7.6.3}{\376\377\0007\000.\0006\000.\0003\000\040\000M\000e\000m\000b\000e\000r\000\040\000F\000u\000n\000c\000t\000i\000o\000n\000\040\000D\000o\000c\000u\000m\000e\000n\000t\000a\000t\000i\000o\000n}{section.7.6}% 85
\BOOKMARK [3][-]{subsubsection.7.6.3.1}{\376\377\0007\000.\0006\000.\0003\000.\0001\000\040\000C\000o\000r\000r\000e\000c\000t\000i\000o\000n\000\050\000\051}{subsection.7.6.3}% 86
\BOOKMARK [3][-]{subsubsection.7.6.3.2}{\376\377\0007\000.\0006\000.\0003\000.\0002\000\040\000P\000r\000e\000d\000i\000c\000t\000i\000o\000n\000\050\000\051}{subsection.7.6.3}% 87
\BOOKMARK [3][-]{subsubsection.7.6.3.3}{\376\377\0007\000.\0006\000.\0003\000.\0003\000\040\000R\000e\000s\000e\000t\000\050\000\051}{subsection.7.6.3}% 88
\BOOKMARK [1][-]{section.7.7}{\376\377\0007\000.\0007\000\040\000B\000a\000y\000e\000s\000i\000a\000n\000F\000i\000l\000t\000e\000r\000i\000n\000g\000:\000:\000R\000o\000b\000u\000s\000t\000S\000e\000l\000f\000A\000d\000a\000p\000t\000i\000v\000e\000K\000a\000l\000m\000a\000n\000F\000i\000l\000t\000e\000r\000\040\000C\000l\000a\000s\000s\000\040\000R\000e\000f\000e\000r\000e\000n\000c\000e}{chapter.7}% 89
\BOOKMARK [2][-]{subsection.7.7.1}{\376\377\0007\000.\0007\000.\0001\000\040\000D\000e\000t\000a\000i\000l\000e\000d\000\040\000D\000e\000s\000c\000r\000i\000p\000t\000i\000o\000n}{section.7.7}% 90
\BOOKMARK [2][-]{subsection.7.7.2}{\376\377\0007\000.\0007\000.\0002\000\040\000C\000o\000n\000s\000t\000r\000u\000c\000t\000o\000r\000\040\000\046\000\040\000D\000e\000s\000t\000r\000u\000c\000t\000o\000r\000\040\000D\000o\000c\000u\000m\000e\000n\000t\000a\000t\000i\000o\000n}{section.7.7}% 91
\BOOKMARK [3][-]{subsubsection.7.7.2.1}{\376\377\0007\000.\0007\000.\0002\000.\0001\000\040\000~\000R\000o\000b\000u\000s\000t\000S\000e\000l\000f\000A\000d\000a\000p\000t\000i\000v\000e\000K\000a\000l\000m\000a\000n\000F\000i\000l\000t\000e\000r\000\050\000\051}{subsection.7.7.2}% 92
\BOOKMARK [2][-]{subsection.7.7.3}{\376\377\0007\000.\0007\000.\0003\000\040\000M\000e\000m\000b\000e\000r\000\040\000F\000u\000n\000c\000t\000i\000o\000n\000\040\000D\000o\000c\000u\000m\000e\000n\000t\000a\000t\000i\000o\000n}{section.7.7}% 93
\BOOKMARK [3][-]{subsubsection.7.7.3.1}{\376\377\0007\000.\0007\000.\0003\000.\0001\000\040\000C\000o\000r\000r\000e\000c\000t\000i\000o\000n\000\050\000\051}{subsection.7.7.3}% 94
\BOOKMARK [3][-]{subsubsection.7.7.3.2}{\376\377\0007\000.\0007\000.\0003\000.\0002\000\040\000P\000r\000e\000d\000i\000c\000t\000i\000o\000n\000\050\000\051}{subsection.7.7.3}% 95
\BOOKMARK [3][-]{subsubsection.7.7.3.3}{\376\377\0007\000.\0007\000.\0003\000.\0003\000\040\000R\000e\000s\000e\000t\000\050\000\051}{subsection.7.7.3}% 96
\BOOKMARK [1][-]{section.7.8}{\376\377\0007\000.\0008\000\040\000B\000a\000y\000e\000s\000i\000a\000n\000F\000i\000l\000t\000e\000r\000i\000n\000g\000:\000:\000S\000a\000m\000p\000l\000i\000n\000g\000I\000m\000p\000o\000r\000t\000a\000n\000c\000e\000R\000e\000s\000a\000m\000p\000l\000i\000n\000g\000F\000i\000l\000t\000e\000r\000\040\000C\000l\000a\000s\000s\000\040\000R\000e\000f\000e\000r\000e\000n\000c\000e}{chapter.7}% 97
\BOOKMARK [2][-]{subsection.7.8.1}{\376\377\0007\000.\0008\000.\0001\000\040\000D\000e\000t\000a\000i\000l\000e\000d\000\040\000D\000e\000s\000c\000r\000i\000p\000t\000i\000o\000n}{section.7.8}% 98
\BOOKMARK [2][-]{subsection.7.8.2}{\376\377\0007\000.\0008\000.\0002\000\040\000M\000e\000m\000b\000e\000r\000\040\000E\000n\000u\000m\000e\000r\000a\000t\000i\000o\000n\000\040\000D\000o\000c\000u\000m\000e\000n\000t\000a\000t\000i\000o\000n}{section.7.8}% 99
\BOOKMARK [3][-]{subsubsection.7.8.2.1}{\376\377\0007\000.\0008\000.\0002\000.\0001\000\040\000E\000s\000t\000i\000m\000a\000t\000e\000T\000y\000p\000e}{subsection.7.8.2}% 100
\BOOKMARK [2][-]{subsection.7.8.3}{\376\377\0007\000.\0008\000.\0003\000\040\000C\000o\000n\000s\000t\000r\000u\000c\000t\000o\000r\000\040\000\046\000\040\000D\000e\000s\000t\000r\000u\000c\000t\000o\000r\000\040\000D\000o\000c\000u\000m\000e\000n\000t\000a\000t\000i\000o\000n}{section.7.8}% 101
\BOOKMARK [3][-]{subsubsection.7.8.3.1}{\376\377\0007\000.\0008\000.\0003\000.\0001\000\040\000~\000S\000a\000m\000p\000l\000i\000n\000g\000I\000m\000p\000o\000r\000t\000a\000n\000c\000e\000R\000e\000s\000a\000m\000p\000l\000i\000n\000g\000F\000i\000l\000t\000e\000r\000\050\000\051}{subsection.7.8.3}% 102
\BOOKMARK [2][-]{subsection.7.8.4}{\376\377\0007\000.\0008\000.\0004\000\040\000M\000e\000m\000b\000e\000r\000\040\000F\000u\000n\000c\000t\000i\000o\000n\000\040\000D\000o\000c\000u\000m\000e\000n\000t\000a\000t\000i\000o\000n}{section.7.8}% 103
\BOOKMARK [3][-]{subsubsection.7.8.4.1}{\376\377\0007\000.\0008\000.\0004\000.\0001\000\040\000C\000o\000m\000p\000u\000t\000e\000E\000S\000S\000\050\000\051}{subsection.7.8.4}% 104
\BOOKMARK [3][-]{subsubsection.7.8.4.2}{\376\377\0007\000.\0008\000.\0004\000.\0002\000\040\000C\000o\000r\000r\000e\000c\000t\000i\000o\000n\000\050\000\051}{subsection.7.8.4}% 105
\BOOKMARK [3][-]{subsubsection.7.8.4.3}{\376\377\0007\000.\0008\000.\0004\000.\0003\000\040\000E\000n\000u\000m\000T\000o\000S\000t\000r\000i\000n\000g\000\050\000\051}{subsection.7.8.4}% 106
\BOOKMARK [3][-]{subsubsection.7.8.4.4}{\376\377\0007\000.\0008\000.\0004\000.\0004\000\040\000N\000o\000r\000m\000a\000l\000i\000z\000e\000W\000e\000i\000g\000h\000t\000s\000\050\000\051}{subsection.7.8.4}% 107
\BOOKMARK [3][-]{subsubsection.7.8.4.5}{\376\377\0007\000.\0008\000.\0004\000.\0005\000\040\000P\000r\000e\000d\000i\000c\000t\000i\000o\000n\000\050\000\051}{subsection.7.8.4}% 108
\BOOKMARK [3][-]{subsubsection.7.8.4.6}{\376\377\0007\000.\0008\000.\0004\000.\0006\000\040\000R\000e\000s\000e\000t\000\050\000\051\000\040\000[\0001\000/\0002\000]}{subsection.7.8.4}% 109
\BOOKMARK [3][-]{subsubsection.7.8.4.7}{\376\377\0007\000.\0008\000.\0004\000.\0007\000\040\000R\000e\000s\000e\000t\000\050\000\051\000\040\000[\0002\000/\0002\000]}{subsection.7.8.4}% 110
\BOOKMARK [2][-]{subsection.7.8.5}{\376\377\0007\000.\0008\000.\0005\000\040\000M\000e\000m\000b\000e\000r\000\040\000D\000a\000t\000a\000\040\000D\000o\000c\000u\000m\000e\000n\000t\000a\000t\000i\000o\000n}{section.7.8}% 111
\BOOKMARK [3][-]{subsubsection.7.8.5.1}{\376\377\0007\000.\0008\000.\0005\000.\0001\000\040\000E\000S\000S}{subsection.7.8.5}% 112
\BOOKMARK [3][-]{subsubsection.7.8.5.2}{\376\377\0007\000.\0008\000.\0005\000.\0002\000\040\000e\000s\000t\000i\000m\000a\000t\000e\000\137\000t\000y\000p\000e}{subsection.7.8.5}% 113
\BOOKMARK [3][-]{subsubsection.7.8.5.3}{\376\377\0007\000.\0008\000.\0005\000.\0003\000\040\000N\000p\000a\000r\000t\000i\000c\000l\000e\000s}{subsection.7.8.5}% 114
\BOOKMARK [3][-]{subsubsection.7.8.5.4}{\376\377\0007\000.\0008\000.\0005\000.\0004\000\040\000W\000p\000a\000r\000t\000i\000c\000l\000e\000s}{subsection.7.8.5}% 115
\BOOKMARK [3][-]{subsubsection.7.8.5.5}{\376\377\0007\000.\0008\000.\0005\000.\0005\000\040\000X\000p\000a\000r\000t\000i\000c\000l\000e\000s}{subsection.7.8.5}% 116
\BOOKMARK [3][-]{subsubsection.7.8.5.6}{\376\377\0007\000.\0008\000.\0005\000.\0006\000\040\000Y\000p\000a\000r\000t\000i\000c\000l\000e\000s}{subsection.7.8.5}% 117
\BOOKMARK [1][-]{section.7.9}{\376\377\0007\000.\0009\000\040\000B\000a\000y\000e\000s\000i\000a\000n\000F\000i\000l\000t\000e\000r\000i\000n\000g\000:\000:\000S\000t\000a\000t\000e\000S\000p\000a\000c\000e\000L\000i\000n\000e\000a\000r\000M\000o\000d\000e\000l\000\040\000C\000l\000a\000s\000s\000\040\000R\000e\000f\000e\000r\000e\000n\000c\000e}{chapter.7}% 118
\BOOKMARK [2][-]{subsection.7.9.1}{\376\377\0007\000.\0009\000.\0001\000\040\000D\000e\000t\000a\000i\000l\000e\000d\000\040\000D\000e\000s\000c\000r\000i\000p\000t\000i\000o\000n}{section.7.9}% 119
\BOOKMARK [2][-]{subsection.7.9.2}{\376\377\0007\000.\0009\000.\0002\000\040\000M\000e\000m\000b\000e\000r\000\040\000F\000u\000n\000c\000t\000i\000o\000n\000\040\000D\000o\000c\000u\000m\000e\000n\000t\000a\000t\000i\000o\000n}{section.7.9}% 120
\BOOKMARK [3][-]{subsubsection.7.9.2.1}{\376\377\0007\000.\0009\000.\0002\000.\0001\000\040\000M\000e\000a\000s\000u\000r\000e\000m\000e\000n\000t\000M\000o\000d\000e\000l\000\050\000\051}{subsection.7.9.2}% 121
\BOOKMARK [3][-]{subsubsection.7.9.2.2}{\376\377\0007\000.\0009\000.\0002\000.\0002\000\040\000P\000r\000o\000c\000e\000s\000s\000M\000o\000d\000e\000l\000\050\000\051}{subsection.7.9.2}% 122
\BOOKMARK [3][-]{subsubsection.7.9.2.3}{\376\377\0007\000.\0009\000.\0002\000.\0003\000\040\000S\000e\000t\000D\000i\000m\000e\000n\000s\000i\000o\000n\000s\000\050\000\051}{subsection.7.9.2}% 123
\BOOKMARK [2][-]{subsection.7.9.3}{\376\377\0007\000.\0009\000.\0003\000\040\000M\000e\000m\000b\000e\000r\000\040\000D\000a\000t\000a\000\040\000D\000o\000c\000u\000m\000e\000n\000t\000a\000t\000i\000o\000n}{section.7.9}% 124
\BOOKMARK [3][-]{subsubsection.7.9.3.1}{\376\377\0007\000.\0009\000.\0003\000.\0001\000\040\000A}{subsection.7.9.3}% 125
\BOOKMARK [3][-]{subsubsection.7.9.3.2}{\376\377\0007\000.\0009\000.\0003\000.\0002\000\040\000B}{subsection.7.9.3}% 126
\BOOKMARK [3][-]{subsubsection.7.9.3.3}{\376\377\0007\000.\0009\000.\0003\000.\0003\000\040\000C}{subsection.7.9.3}% 127
\BOOKMARK [3][-]{subsubsection.7.9.3.4}{\376\377\0007\000.\0009\000.\0003\000.\0004\000\040\000N\000u}{subsection.7.9.3}% 128
\BOOKMARK [3][-]{subsubsection.7.9.3.5}{\376\377\0007\000.\0009\000.\0003\000.\0005\000\040\000N\000v}{subsection.7.9.3}% 129
\BOOKMARK [3][-]{subsubsection.7.9.3.6}{\376\377\0007\000.\0009\000.\0003\000.\0006\000\040\000N\000w}{subsection.7.9.3}% 130
\BOOKMARK [3][-]{subsubsection.7.9.3.7}{\376\377\0007\000.\0009\000.\0003\000.\0007\000\040\000N\000x}{subsection.7.9.3}% 131
\BOOKMARK [3][-]{subsubsection.7.9.3.8}{\376\377\0007\000.\0009\000.\0003\000.\0008\000\040\000N\000y}{subsection.7.9.3}% 132
\BOOKMARK [3][-]{subsubsection.7.9.3.9}{\376\377\0007\000.\0009\000.\0003\000.\0009\000\040\000P\0000}{subsection.7.9.3}% 133
\BOOKMARK [3][-]{subsubsection.7.9.3.10}{\376\377\0007\000.\0009\000.\0003\000.\0001\0000\000\040\000Q}{subsection.7.9.3}% 134
\BOOKMARK [3][-]{subsubsection.7.9.3.11}{\376\377\0007\000.\0009\000.\0003\000.\0001\0001\000\040\000R}{subsection.7.9.3}% 135
\BOOKMARK [3][-]{subsubsection.7.9.3.12}{\376\377\0007\000.\0009\000.\0003\000.\0001\0002\000\040\000X\0000}{subsection.7.9.3}% 136
\BOOKMARK [3][-]{subsubsection.7.9.3.13}{\376\377\0007\000.\0009\000.\0003\000.\0001\0003\000\040\000X\000\137\000i\000s\000a\000n\000g\000l\000e}{subsection.7.9.3}% 137
\BOOKMARK [3][-]{subsubsection.7.9.3.14}{\376\377\0007\000.\0009\000.\0003\000.\0001\0004\000\040\000Y\000\137\000i\000s\000a\000n\000g\000l\000e}{subsection.7.9.3}% 138
\BOOKMARK [1][-]{section.7.10}{\376\377\0007\000.\0001\0000\000\040\000B\000a\000y\000e\000s\000i\000a\000n\000F\000i\000l\000t\000e\000r\000i\000n\000g\000:\000:\000S\000t\000a\000t\000e\000S\000p\000a\000c\000e\000N\000o\000n\000l\000i\000n\000e\000a\000r\000M\000o\000d\000e\000l\000B\000a\000s\000e\000\040\000C\000l\000a\000s\000s\000\040\000R\000e\000f\000e\000r\000e\000n\000c\000e}{chapter.7}% 139
\BOOKMARK [2][-]{subsection.7.10.1}{\376\377\0007\000.\0001\0000\000.\0001\000\040\000D\000e\000t\000a\000i\000l\000e\000d\000\040\000D\000e\000s\000c\000r\000i\000p\000t\000i\000o\000n}{section.7.10}% 140
\BOOKMARK [2][-]{subsection.7.10.2}{\376\377\0007\000.\0001\0000\000.\0002\000\040\000C\000o\000n\000s\000t\000r\000u\000c\000t\000o\000r\000\040\000\046\000\040\000D\000e\000s\000t\000r\000u\000c\000t\000o\000r\000\040\000D\000o\000c\000u\000m\000e\000n\000t\000a\000t\000i\000o\000n}{section.7.10}% 141
\BOOKMARK [3][-]{subsubsection.7.10.2.1}{\376\377\0007\000.\0001\0000\000.\0002\000.\0001\000\040\000~\000S\000t\000a\000t\000e\000S\000p\000a\000c\000e\000N\000o\000n\000l\000i\000n\000e\000a\000r\000M\000o\000d\000e\000l\000B\000a\000s\000e\000\050\000\051}{subsection.7.10.2}% 142
\BOOKMARK [2][-]{subsection.7.10.3}{\376\377\0007\000.\0001\0000\000.\0003\000\040\000M\000e\000m\000b\000e\000r\000\040\000F\000u\000n\000c\000t\000i\000o\000n\000\040\000D\000o\000c\000u\000m\000e\000n\000t\000a\000t\000i\000o\000n}{section.7.10}% 143
\BOOKMARK [3][-]{subsubsection.7.10.3.1}{\376\377\0007\000.\0001\0000\000.\0003\000.\0001\000\040\000M\000e\000a\000s\000u\000r\000e\000m\000e\000n\000t\000M\000o\000d\000e\000l\000\050\000\051}{subsection.7.10.3}% 144
\BOOKMARK [3][-]{subsubsection.7.10.3.2}{\376\377\0007\000.\0001\0000\000.\0003\000.\0002\000\040\000P\000r\000o\000c\000e\000s\000s\000M\000o\000d\000e\000l\000\050\000\051}{subsection.7.10.3}% 145
\BOOKMARK [3][-]{subsubsection.7.10.3.3}{\376\377\0007\000.\0001\0000\000.\0003\000.\0003\000\040\000S\000e\000t\000D\000i\000m\000e\000n\000s\000i\000o\000n\000s\000\050\000\051}{subsection.7.10.3}% 146
\BOOKMARK [3][-]{subsubsection.7.10.3.4}{\376\377\0007\000.\0001\0000\000.\0003\000.\0004\000\040\000U\000p\000d\000a\000t\000e\000d\000f\000d\000W\000\050\000\051}{subsection.7.10.3}% 147
\BOOKMARK [3][-]{subsubsection.7.10.3.5}{\376\377\0007\000.\0001\0000\000.\0003\000.\0005\000\040\000U\000p\000d\000a\000t\000e\000d\000f\000d\000X\000\050\000\051}{subsection.7.10.3}% 148
\BOOKMARK [3][-]{subsubsection.7.10.3.6}{\376\377\0007\000.\0001\0000\000.\0003\000.\0006\000\040\000U\000p\000d\000a\000t\000e\000d\000h\000d\000V\000\050\000\051}{subsection.7.10.3}% 149
\BOOKMARK [3][-]{subsubsection.7.10.3.7}{\376\377\0007\000.\0001\0000\000.\0003\000.\0007\000\040\000U\000p\000d\000a\000t\000e\000d\000h\000d\000X\000\050\000\051}{subsection.7.10.3}% 150
\BOOKMARK [2][-]{subsection.7.10.4}{\376\377\0007\000.\0001\0000\000.\0004\000\040\000M\000e\000m\000b\000e\000r\000\040\000D\000a\000t\000a\000\040\000D\000o\000c\000u\000m\000e\000n\000t\000a\000t\000i\000o\000n}{section.7.10}% 151
\BOOKMARK [3][-]{subsubsection.7.10.4.1}{\376\377\0007\000.\0001\0000\000.\0004\000.\0001\000\040\000d\000f\000d\000W}{subsection.7.10.4}% 152
\BOOKMARK [3][-]{subsubsection.7.10.4.2}{\376\377\0007\000.\0001\0000\000.\0004\000.\0002\000\040\000d\000f\000d\000X}{subsection.7.10.4}% 153
\BOOKMARK [3][-]{subsubsection.7.10.4.3}{\376\377\0007\000.\0001\0000\000.\0004\000.\0003\000\040\000d\000h\000d\000V}{subsection.7.10.4}% 154
\BOOKMARK [3][-]{subsubsection.7.10.4.4}{\376\377\0007\000.\0001\0000\000.\0004\000.\0004\000\040\000d\000h\000d\000X}{subsection.7.10.4}% 155
\BOOKMARK [3][-]{subsubsection.7.10.4.5}{\376\377\0007\000.\0001\0000\000.\0004\000.\0005\000\040\000N\000u}{subsection.7.10.4}% 156
\BOOKMARK [3][-]{subsubsection.7.10.4.6}{\376\377\0007\000.\0001\0000\000.\0004\000.\0006\000\040\000N\000v}{subsection.7.10.4}% 157
\BOOKMARK [3][-]{subsubsection.7.10.4.7}{\376\377\0007\000.\0001\0000\000.\0004\000.\0007\000\040\000N\000w}{subsection.7.10.4}% 158
\BOOKMARK [3][-]{subsubsection.7.10.4.8}{\376\377\0007\000.\0001\0000\000.\0004\000.\0008\000\040\000N\000x}{subsection.7.10.4}% 159
\BOOKMARK [3][-]{subsubsection.7.10.4.9}{\376\377\0007\000.\0001\0000\000.\0004\000.\0009\000\040\000N\000y}{subsection.7.10.4}% 160
\BOOKMARK [3][-]{subsubsection.7.10.4.10}{\376\377\0007\000.\0001\0000\000.\0004\000.\0001\0000\000\040\000P\0000}{subsection.7.10.4}% 161
\BOOKMARK [3][-]{subsubsection.7.10.4.11}{\376\377\0007\000.\0001\0000\000.\0004\000.\0001\0001\000\040\000Q}{subsection.7.10.4}% 162
\BOOKMARK [3][-]{subsubsection.7.10.4.12}{\376\377\0007\000.\0001\0000\000.\0004\000.\0001\0002\000\040\000R}{subsection.7.10.4}% 163
\BOOKMARK [3][-]{subsubsection.7.10.4.13}{\376\377\0007\000.\0001\0000\000.\0004\000.\0001\0003\000\040\000X\0000}{subsection.7.10.4}% 164
\BOOKMARK [3][-]{subsubsection.7.10.4.14}{\376\377\0007\000.\0001\0000\000.\0004\000.\0001\0004\000\040\000X\000\137\000i\000s\000a\000n\000g\000l\000e}{subsection.7.10.4}% 165
\BOOKMARK [3][-]{subsubsection.7.10.4.15}{\376\377\0007\000.\0001\0000\000.\0004\000.\0001\0005\000\040\000Y\000\137\000i\000s\000a\000n\000g\000l\000e}{subsection.7.10.4}% 166
\BOOKMARK [1][-]{section.7.11}{\376\377\0007\000.\0001\0001\000\040\000B\000a\000y\000e\000s\000i\000a\000n\000F\000i\000l\000t\000e\000r\000i\000n\000g\000:\000:\000U\000n\000s\000c\000e\000n\000t\000e\000d\000K\000a\000l\000m\000a\000n\000F\000i\000l\000t\000e\000r\000\040\000C\000l\000a\000s\000s\000\040\000R\000e\000f\000e\000r\000e\000n\000c\000e}{chapter.7}% 167
\BOOKMARK [2][-]{subsection.7.11.1}{\376\377\0007\000.\0001\0001\000.\0001\000\040\000D\000e\000t\000a\000i\000l\000e\000d\000\040\000D\000e\000s\000c\000r\000i\000p\000t\000i\000o\000n}{section.7.11}% 168
\BOOKMARK [2][-]{subsection.7.11.2}{\376\377\0007\000.\0001\0001\000.\0002\000\040\000C\000o\000n\000s\000t\000r\000u\000c\000t\000o\000r\000\040\000\046\000\040\000D\000e\000s\000t\000r\000u\000c\000t\000o\000r\000\040\000D\000o\000c\000u\000m\000e\000n\000t\000a\000t\000i\000o\000n}{section.7.11}% 169
\BOOKMARK [3][-]{subsubsection.7.11.2.1}{\376\377\0007\000.\0001\0001\000.\0002\000.\0001\000\040\000~\000U\000n\000s\000c\000e\000n\000t\000e\000d\000K\000a\000l\000m\000a\000n\000F\000i\000l\000t\000e\000r\000\050\000\051}{subsection.7.11.2}% 170
\BOOKMARK [2][-]{subsection.7.11.3}{\376\377\0007\000.\0001\0001\000.\0003\000\040\000M\000e\000m\000b\000e\000r\000\040\000F\000u\000n\000c\000t\000i\000o\000n\000\040\000D\000o\000c\000u\000m\000e\000n\000t\000a\000t\000i\000o\000n}{section.7.11}% 171
\BOOKMARK [3][-]{subsubsection.7.11.3.1}{\376\377\0007\000.\0001\0001\000.\0003\000.\0001\000\040\000C\000o\000r\000r\000e\000c\000t\000i\000o\000n\000\050\000\051}{subsection.7.11.3}% 172
\BOOKMARK [3][-]{subsubsection.7.11.3.2}{\376\377\0007\000.\0001\0001\000.\0003\000.\0002\000\040\000P\000r\000e\000d\000i\000c\000t\000i\000o\000n\000\050\000\051}{subsection.7.11.3}% 173
\BOOKMARK [3][-]{subsubsection.7.11.3.3}{\376\377\0007\000.\0001\0001\000.\0003\000.\0003\000\040\000R\000e\000s\000e\000t\000\050\000\051}{subsection.7.11.3}% 174
\BOOKMARK [0][-]{chapter.8}{\376\377\0008\000\040\000F\000i\000l\000e\000\040\000D\000o\000c\000u\000m\000e\000n\000t\000a\000t\000i\000o\000n}{}% 175
\BOOKMARK [1][-]{section.8.1}{\376\377\0008\000.\0001\000\040\000b\000a\000y\000e\000s\000i\000a\000n\000f\000i\000l\000t\000e\000r\000i\000n\000g\000.\000h\000p\000p\000\040\000F\000i\000l\000e\000\040\000R\000e\000f\000e\000r\000e\000n\000c\000e}{chapter.8}% 176
\BOOKMARK [2][-]{subsection.8.1.1}{\376\377\0008\000.\0001\000.\0001\000\040\000M\000a\000c\000r\000o\000\040\000D\000e\000f\000i\000n\000i\000t\000i\000o\000n\000\040\000D\000o\000c\000u\000m\000e\000n\000t\000a\000t\000i\000o\000n}{section.8.1}% 177
\BOOKMARK [3][-]{subsubsection.8.1.1.1}{\376\377\0008\000.\0001\000.\0001\000.\0001\000\040\000P\000R\000I\000N\000T\000\137\000E\000I\000G\000E\000N\000\137\000M\000A\000T\000R\000I\000X}{subsection.8.1.1}% 178
\BOOKMARK [3][-]{subsubsection.8.1.1.2}{\376\377\0008\000.\0001\000.\0001\000.\0002\000\040\000P\000R\000I\000N\000T\000\137\000E\000I\000G\000E\000N\000\137\000V\000E\000C\000T\000O\000R}{subsection.8.1.1}% 179
\BOOKMARK [3][-]{subsubsection.8.1.1.3}{\376\377\0008\000.\0001\000.\0001\000.\0003\000\040\000P\000R\000I\000N\000T\000\137\000L\000I\000N\000E\000\137\000D\000E\000B\000U\000G}{subsection.8.1.1}% 180
\BOOKMARK [2][-]{subsection.8.1.2}{\376\377\0008\000.\0001\000.\0002\000\040\000F\000u\000n\000c\000t\000i\000o\000n\000\040\000D\000o\000c\000u\000m\000e\000n\000t\000a\000t\000i\000o\000n}{section.8.1}% 181
\BOOKMARK [3][-]{subsubsection.8.1.2.1}{\376\377\0008\000.\0001\000.\0002\000.\0001\000\040\000P\000r\000i\000n\000t\000E\000i\000g\000e\000n\000M\000a\000t\000r\000i\000x\000X\000d\000\050\000\051}{subsection.8.1.2}% 182
\BOOKMARK [3][-]{subsubsection.8.1.2.2}{\376\377\0008\000.\0001\000.\0002\000.\0002\000\040\000P\000r\000i\000n\000t\000E\000i\000g\000e\000n\000V\000e\000c\000t\000o\000r\000X\000d\000\050\000\051}{subsection.8.1.2}% 183
\BOOKMARK [1][-]{section.8.2}{\376\377\0008\000.\0002\000\040\000b\000a\000y\000e\000s\000i\000a\000n\000f\000i\000l\000t\000e\000r\000i\000n\000g\000.\000h\000p\000p}{chapter.8}% 184
\BOOKMARK [1][-]{section.8.3}{\376\377\0008\000.\0003\000\040\000R\000E\000A\000D\000M\000E\000.\000m\000d\000\040\000F\000i\000l\000e\000\040\000R\000e\000f\000e\000r\000e\000n\000c\000e}{chapter.8}% 185
\BOOKMARK [0][-]{section*.92}{\376\377\000I\000n\000d\000e\000x}{}% 186
